[0;38;2;205;214;228;48;2;13;17;23m                                                                                                                                            [0m
[0;38;2;205;214;228;48;2;13;17;23m                                                                                                                                            [0m
[0;38;2;205;214;228;48;2;13;17;23m                                                                                                                                            [0m
[0;38;2;205;214;228;48;2;13;17;23m                                                                                                                                            [0m
[0;38;2;205;214;228;48;2;13;17;23m                                                                                                                                            [0m
[0;38;2;205;214;228;48;2;13;17;23m                                                                                                                                            [0m
[0;38;2;205;214;228;48;2;13;17;23m                                                                                                                                            [0m
[0;38;2;205;214;228;48;2;13;17;23m                                                                                                                                            [0m
[0;38;2;205;214;228;48;2;13;17;23m                                                                                                                                            [0m
[0;38;2;205;214;228;48;2;13;17;23m                                                                                                                                            [0m
[0;38;2;205;214;228;48;2;13;17;23m                                                                                                                                            [0m
[0;38;2;205;214;228;48;2;13;17;23m                                                                                                                                            [0m
[0;38;2;205;214;228;48;2;13;17;23m                                                                                                                                            [0m
[0;38;2;205;214;228;48;2;13;17;23m                                                                                                                                            [0m
[0;38;2;205;214;228;48;2;13;17;23m                                                                                                                                            [0m
[0;38;2;205;214;228;48;2;13;17;23m                                                                                                                                            [0m
[0;38;2;205;214;228;48;2;13;17;23m                                                                                                                                            [0m
[0;38;2;205;214;228;48;2;13;17;23m                                                                                                                                            [0m
[0;38;2;205;214;228;48;2;13;17;23m                                                                                                                                            [0m
[0;38;2;205;214;228;48;2;13;17;23m                                                                                                                                            [0m
[0;38;2;205;214;228;48;2;13;17;23m                                                                                                                                            [0m
[0;38;2;205;214;228;48;2;13;17;23m                                                                                                                                            [0m
[0;38;2;205;214;228;48;2;13;17;23m                                                                                                                                            [0m
[0;38;2;205;214;228;48;2;13;17;23m                                                                                                                                            [0m
[0;38;2;205;214;228;48;2;13;17;23m                                                                                                                                            [0m
[0;38;2;205;214;228;48;2;13;17;23m                                                                                                                                            [0m
[0;38;2;205;214;228;48;2;13;17;23m                                                                                                                                            [0m
[0;38;2;205;214;228;48;2;13;17;23m                                                                                                                                            [0m
[0;38;2;205;214;228;48;2;13;17;23m                                                                                                                                            [0m
[0;38;2;205;214;228;48;2;13;17;23m                                                                                                                                            [0m
[0;38;2;205;214;228;48;2;13;17;23m                                                                                                                                            [0m
[0;38;2;205;214;228;48;2;13;17;23m                                                                                                                                            [0m
[0;38;2;205;214;228;48;2;13;17;23m                                                                                                                                            [0m
[0;38;2;205;214;228;48;2;13;17;23m                                                                                                                                            [0m
[0;38;2;205;214;228;48;2;13;17;23m                                                                                                                                            [0m
[0;38;2;205;214;228;48;2;13;17;23m                                                                                                                                            [0m
[0;38;2;205;214;228;48;2;13;17;23m                                                                                                                                            [0m
[0;38;2;205;214;228;48;2;13;17;23m                                                                                                                                            [0m
[0;38;2;205;214;228;48;2;13;17;23m                                                                                                                                            [0m
[0;38;2;205;214;228;48;2;13;17;23m                                                                                                                                            [0m
[0;38;2;13;17;23;48;2;122;162;247;1m NORMAL [0;38;2;205;214;228;48;2;22;28;38m [0;38;2;108;122;143;48;2;22;28;38mEsc goes back[0;38;2;205;214;228;48;2;22;28;38m                                                                                                                      [0m
[0;38;2;115;218;202;48;2;13;17;23;1m Esc [0;38;2;108;122;143;48;2;13;17;23mback  [0;38;2;115;218;202;48;2;13;17;23;1m q [0;38;2;108;122;143;48;2;13;17;23mquit                                                                                                                          [0m
